 Entering Gaussian System
 *********************************************
 Gaussian 98:
 frequency output generated by the xtb code
 *********************************************
                         Standard orientation:
 --------------------------------------------------------------------
  Center     Atomic     Atomic              Coordinates (Angstroms)
  Number     Number      Type              X           Y           Z
 --------------------------------------------------------------------
    1          8             0        0.000000    0.011786   -0.000000
    2          1             0        0.772746    0.580103   -0.000004
    3          1             0       -0.772740    0.580111    0.000002
 --------------------------------------------------------------------
     1 basis functions        1 primitive gaussians
     1 alpha electrons        1 beta electrons
 
 Harmonic frequencies (cm**-1), IR intensities (km*mol⁻¹),
 Raman scattering activities (A**4/amu), Raman depolarization ratios,
 reduced masses (AMU), force constants (mDyne/A) and normal coordinates:
                      1                      2                      3
                        a                      a                      a 
 Frequencies --  1538.6148              3642.1948              3650.8949
 Red. masses --     2.1467                 1.5467                 2.1411
 Frc consts  --     0.0000                 0.0000                 0.0000
 IR Inten    --   133.2996                 6.7927                16.7216
 Raman Activ --     0.0000                 0.0000                 0.0000
 Depolar     --     0.0000                 0.0000                 0.0000
 Atom AN      X      Y      Z        X      Y      Z        X      Y      Z
   1   8     0.00   0.28  -0.00    -0.00  -0.19   0.00     0.27  -0.00  -0.00
   2   1     0.40  -0.55  -0.00     0.58   0.38  -0.00    -0.55  -0.40   0.00
   3   1    -0.40  -0.55   0.00    -0.58   0.38   0.00    -0.55   0.40   0.00
