      -----------------------------------------------------------      
     |                   =====================                   |     
     |                           x T B                           |     
     |                   =====================                   |     
     |                         S. Grimme                         |     
     |          Mulliken Center for Theoretical Chemistry        |     
     |                    University of Bonn                     |     
      -----------------------------------------------------------      

   * xtb version 6.7.1 (edcfbbe) compiled by 'albert@albert-system' on 2024-07-22

   xtb is free software: you can redistribute it and/or modify it under
   the terms of the GNU Lesser General Public License as published by
   the Free Software Foundation, either version 3 of the License, or
   (at your option) any later version.
   
   xtb is distributed in the hope that it will be useful,
   but WITHOUT ANY WARRANTY; without even the implied warranty of
   MERCHANTABILITY or FITNESS FOR A PARTICULAR PURPOSE.  See the
   GNU Lesser General Public License for more details.
   
   Cite this work as:
   * C. Bannwarth, E. Caldeweyher, S. Ehlert, A. Hansen, P. Pracht,
     J. Seibert, S. Spicher, S. Grimme, WIREs Comput. Mol. Sci., 2020, 11,
     e01493. DOI: 10.1002/wcms.1493
   
   for GFN2-xTB:
   * C. Bannwarth, S. Ehlert and S. Grimme., J. Chem. Theory Comput., 2019,
     15, 1652-1671. DOI: 10.1021/acs.jctc.8b01176
   for GFN1-xTB:
   * S. Grimme, C. Bannwarth, P. Shushkov, J. Chem. Theory Comput., 2017,
     13, 1989-2009. DOI: 10.1021/acs.jctc.7b00118
   for GFN0-xTB:
   * P. Pracht, E. Caldeweyher, S. Ehlert, S. Grimme, ChemRxiv, 2019, preprint.
     DOI: 10.26434/chemrxiv.8326202.v1
   for GFN-FF:
   * S. Spicher and S. Grimme, Angew. Chem. Int. Ed., 2020, 59, 15665-15673.
     DOI: 10.1002/anie.202004239
   
   for ALPB and GBSA implicit solvation:
   * S. Ehlert, M. Stahn, S. Spicher, S. Grimme, J. Chem. Theory Comput.,
     2021, 17, 4250-4261. DOI: 10.1021/acs.jctc.1c00471
   
   for ddCOSMO and CPCM-X implicit solvation:
   * M. Stahn, S. Ehlert, S. Grimme, J. Phys. Chem. A,
     2023, XX, XXXX-XXXX. DOI: 10.1021/acs.jpca.3c04382
   
   for DFT-D4:
   * E. Caldeweyher, C. Bannwarth and S. Grimme, J. Chem. Phys., 2017,
     147, 034112. DOI: 10.1063/1.4993215
   * E. Caldeweyher, S. Ehlert, A. Hansen, H. Neugebauer, S. Spicher,
     C. Bannwarth and S. Grimme, J. Chem. Phys., 2019, 150, 154122.
     DOI: 10.1063/1.5090222
   * E. Caldeweyher, J.-M. Mewes, S. Ehlert and S. Grimme, Phys. Chem. Chem. Phys.
     2020, 22, 8499-8512. DOI: 10.1039/D0CP00502A
   
   for sTDA-xTB:
   * S. Grimme and C. Bannwarth, J. Chem. Phys., 2016, 145, 054103.
     DOI: 10.1063/1.4959605
   
   in the mass-spec context:
   * V. Asgeirsson, C. Bauer and S. Grimme, Chem. Sci., 2017, 8, 4879.
     DOI: 10.1039/c7sc00601b
   * J. Koopman and S. Grimme, ACS Omega 2019, 4, 12, 15120-15133.
     DOI: 10.1021/acsomega.9b02011
   
   for metadynamics refer to:
   * S. Grimme, J. Chem. Theory Comput., 2019, 155, 2847-2862
     DOI: 10.1021/acs.jctc.9b00143
   
   for SPH calculations refer to:
   * S. Spicher and S. Grimme, J. Chem. Theory Comput., 2021, 17, 1701-1714
     DOI: 10.1021/acs.jctc.0c01306
   
   for ONIOM refer to:
   * C. Plett, A. Katbashev, S. Ehlert, S. Grimme, M. Bursch,
     Phys. Chem. Chem. Phys., 2023, 25, 17860-17868. DOI: 10.1039/D3CP02178E
   
   for DIPRO refer to:
   * J. Kohn, N. Gildemeister, S. Grimme, D. Fazzi, A. Hansen,
     J. Chem. Phys., 2023, just accepted.
   
   for PTB refer to:
   * S. Grimme, M. Mueller, A. Hansen, J. Chem. Phys., 2023, 158, 124111.
     DOI: 10.1063/5.0137838
   
   with help from (in alphabetical order)
   P. Atkinson, C. Bannwarth, F. Bohle, G. Brandenburg, E. Caldeweyher
   M. Checinski, S. Dohm, S. Ehlert, S. Ehrlich, I. Gerasimov, C. Hölzer
   A. Katbashev, J. Kohn, J. Koopman, C. Lavigne, S. Lehtola, F. März, M. Müller,
   F. Musil, H. Neugebauer, J. Pisarek, C. Plett, P. Pracht, F. Pultar,
   J. Seibert, P. Shushkov, S. Spicher, M. Stahn, M. Steiner, T. Strunk,
   J. Stückrath, T. Rose, and J. Unsleber
   
 * started run on 2024/09/30 at 20:14:02.513     
   ID    Z sym.   atoms
    1    8 O      1
    2    1 H      2, 3

           -------------------------------------------------
          |                Calculation Setup                |
           -------------------------------------------------

          program call               : xtb water.xyz --ohess
          hostname                   : login.curta.zedat.fu-berlin.de
          coordinate file            : water.xyz
          omp threads                :                    40


           -------------------------------------------------
          |                 G F N 2 - x T B                 |
           -------------------------------------------------

        Reference                      10.1021/acs.jctc.8b01176
      * Hamiltonian:
        H0-scaling (s, p, d)           1.850000    2.230000    2.230000
        zeta-weighting                 0.500000
      * Dispersion:
        s8                             2.700000
        a1                             0.520000
        a2                             5.000000
        s9                             5.000000
      * Repulsion:
        kExp                           1.500000    1.000000
        rExp                           1.000000
      * Coulomb:
        alpha                          2.000000
        third order                    shell-resolved
        anisotropic                    true
        a3                             3.000000
        a5                             4.000000
        cn-shift                       1.200000
        cn-exp                         4.000000
        max-rad                        5.000000

q/qsh data taken from xtbrestart
CAMM data taken from xtbrestart

          ...................................................
          :                      SETUP                      :
          :.................................................:
          :  # basis functions                   6          :
          :  # atomic orbitals                   6          :
          :  # shells                            4          :
          :  # electrons                         8          :
          :  max. iterations                   250          :
          :  Hamiltonian                  GFN2-xTB          :
          :  restarted?                       true          :
          :  GBSA solvation                  false          :
          :  PC potential                    false          :
          :  electronic temp.          300.0000000     K    :
          :  accuracy                    1.0000000          :
          :  -> integral cutoff          0.2500000E+02      :
          :  -> integral neglect         0.1000000E-07      :
          :  -> SCF convergence          0.1000000E-05 Eh   :
          :  -> wf. convergence          0.1000000E-03 e    :
          :  Broyden damping             0.4000000          :
          :  net charge                          0          :
          :  unpaired electrons                  0          :
          ...................................................

 iter      E             dE          RMSdq      gap      omega  full diag
   1     -5.0994458 -0.509945E+01  0.255E-01   13.96       0.0  T
   2     -5.0994640 -0.182385E-04  0.133E-01   13.99       1.0  T
   3     -5.0994667 -0.265687E-05  0.392E-02   14.00       1.5  T
   4     -5.0994670 -0.295641E-06  0.626E-03   14.00       9.2  T
   5     -5.0994670 -0.966535E-09  0.501E-04   14.00     115.3  T
   6     -5.0994670 -0.929967E-10  0.103E-04   14.00     561.8  T

   *** convergence criteria satisfied after 6 iterations ***

         #    Occupation            Energy/Eh            Energy/eV
      -------------------------------------------------------------
         1        2.0000           -0.6801710             -18.5084
         2        2.0000           -0.5630663             -15.3218
         3        2.0000           -0.5173035             -14.0765
         4        2.0000           -0.4473710             -12.1736 (HOMO)
         5                          0.0669828               1.8227 (LUMO)
         6                          0.2050832               5.5806
      -------------------------------------------------------------
                  HL-Gap            0.5143538 Eh           13.9963 eV
             Fermi-level           -0.1901941 Eh           -5.1754 eV

 SCC (total)                   0 d,  0 h,  0 min,  0.060 sec
 SCC setup                      ...        0 min,  0.000 sec (  0.576%)
 Dispersion                     ...        0 min,  0.001 sec (  1.656%)
 classical contributions        ...        0 min,  0.001 sec (  1.082%)
 integral evaluation            ...        0 min,  0.001 sec (  1.546%)
 iterations                     ...        0 min,  0.053 sec ( 87.659%)
 molecular gradient             ...        0 min,  0.004 sec (  7.146%)
 printout                       ...        0 min,  0.000 sec (  0.199%)

         :::::::::::::::::::::::::::::::::::::::::::::::::::::
         ::                     SUMMARY                     ::
         :::::::::::::::::::::::::::::::::::::::::::::::::::::
         :: total energy              -5.069700162151 Eh    ::
         :: gradient norm              0.030172789184 Eh/a0 ::
         :: HOMO-LUMO gap             13.996278217100 eV    ::
         ::.................................................::
         :: SCC energy                -5.099466978658 Eh    ::
         :: -> isotropic ES            0.031389846405 Eh    ::
         :: -> anisotropic ES          0.000871931777 Eh    ::
         :: -> anisotropic XC         -0.000575185211 Eh    ::
         :: -> dispersion             -0.000141725261 Eh    ::
         :: repulsion energy           0.029766816507 Eh    ::
         :: add. restraining           0.000000000000 Eh    ::
         :: total charge              -0.000000000000 e     ::
         :::::::::::::::::::::::::::::::::::::::::::::::::::::

      ----------------------------------------------------------- 
     |                   =====================                   |
     |                        A N C O P T                        |
     |                   =====================                   |
     |               Approximate Normal Coordinate               |
     |                Rational Function Optimizer                |
      ----------------------------------------------------------- 
      ----------------------------------------------------------- 
     |                   =====================                   |
     |                        A N C O P T                        |
     |                   =====================                   |
     |               Approximate Normal Coordinate               |
     |                Rational Function Optimizer                |
      ----------------------------------------------------------- 

          ...................................................
          :                      SETUP                      :
          :.................................................:
          :   optimization level            normal          :
          :   max. optcycles                   200          :
          :   ANC micro-cycles                  20          :
          :   degrees of freedom                 3          :
          :.................................................:
          :   RF solver                   davidson          :
          :   write xtbopt.log                true          :
          :   linear?                        false          :
          :   energy convergence         0.5000000E-05 Eh   :
          :   grad. convergence          0.1000000E-02 Eh/α :
          :   maxmium RF displ.          1.0000000          :
          :   Hlow (freq-cutoff)         0.1000000E-01      :
          :   Hmax (freq-cutoff)         5.0000000          :
          :   S6 in model hess.         20.0000000          :
          ...................................................

generating ANC from exact Hessian ...
Using Lindh-Hessian (1995)
 Shifting diagonal of input Hessian by   0.000000000000000E+000
 Lowest  eigenvalues of input Hessian
    0.000000    0.000000    0.000000    0.000000    0.000000    0.000000
    0.261802    1.189528    1.320223
 Highest eigenvalues
    0.000000    0.000000    0.000000    0.261802    1.189528    1.320223
 

........................................................................
.............................. CYCLE    1 ..............................
........................................................................

 iter      E             dE          RMSdq      gap      omega  full diag
   1     -5.0994670 -0.509947E+01  0.927E-07   14.00       0.0  T
   2     -5.0994670  0.355271E-14  0.320E-07   14.00  100000.0  T
   3     -5.0994670 -0.444089E-14  0.917E-08   14.00  100000.0  T
     SCC iter.                  ...        0 min,  0.003 sec
     gradient                   ...        0 min,  0.004 sec
 * total energy  :    -5.0697002 Eh     change       -0.2753353E-13 Eh
   gradient norm :     0.0301727 Eh/α   predicted     0.0000000E+00 (-100.00%)
   displ. norm   :     0.0340795 α      lambda       -0.8764513E-03
   maximum displ.:     0.0248171 α      in ANC's #2, #1, #1, ...

........................................................................
.............................. CYCLE    2 ..............................
........................................................................

 iter      E             dE          RMSdq      gap      omega  full diag
   1     -5.1029503 -0.510295E+01  0.128E-01   14.32       0.0  T
   2     -5.1029548 -0.442409E-05  0.680E-02   14.31       1.0  T
   3     -5.1029555 -0.712991E-06  0.195E-02   14.30       3.0  T
   4     -5.1029555 -0.764171E-07  0.328E-03   14.31      17.6  T
   5     -5.1029555 -0.247891E-09  0.164E-04   14.31     352.7  T
   6     -5.1029555 -0.422862E-11  0.327E-05   14.31    1767.8  T
     SCC iter.                  ...        0 min,  0.006 sec
     gradient                   ...        0 min,  0.003 sec
 * total energy  :    -5.0703404 Eh     change       -0.6402683E-03 Eh
   gradient norm :     0.0129745 Eh/α   predicted    -0.4387353E-03 ( -31.48%)
   displ. norm   :     0.0371266 α      lambda       -0.3795688E-03
   maximum displ.:     0.0312643 α      in ANC's #1, #2, #3, ...

........................................................................
.............................. CYCLE    3 ..............................
........................................................................

 iter      E             dE          RMSdq      gap      omega  full diag
   1     -5.1051212 -0.510512E+01  0.116E-01   14.46       0.0  T
   2     -5.1051247 -0.358356E-05  0.611E-02   14.45       1.0  T
   3     -5.1051253 -0.562700E-06  0.174E-02   14.44       3.3  T
   4     -5.1051254 -0.552920E-07  0.252E-03   14.44      22.9  T
   5     -5.1051254 -0.120214E-09  0.164E-04   14.44     352.7  T
   6     -5.1051254 -0.229505E-11  0.398E-05   14.44    1452.4  T
     SCC iter.                  ...        0 min,  0.003 sec
     gradient                   ...        0 min,  0.002 sec
 * total energy  :    -5.0705406 Eh     change       -0.2001297E-03 Eh
   gradient norm :     0.0012930 Eh/α   predicted    -0.1900477E-03 (  -5.04%)
   displ. norm   :     0.0087718 α      lambda       -0.6408392E-05
   maximum displ.:     0.0087533 α      in ANC's #1, #2, #3, ...

........................................................................
.............................. CYCLE    4 ..............................
........................................................................

 iter      E             dE          RMSdq      gap      omega  full diag
   1     -5.1049036 -0.510490E+01  0.177E-02   14.38       0.0  T
   2     -5.1049037 -0.295541E-07  0.100E-02   14.38       5.7  T
   3     -5.1049037 -0.378337E-08  0.156E-03   14.38      37.0  T
   4     -5.1049037 -0.785861E-09  0.219E-04   14.38     263.6  T
   5     -5.1049037 -0.183142E-11  0.741E-06   14.38    7794.7  T
     SCC iter.                  ...        0 min,  0.003 sec
     gradient                   ...        0 min,  0.002 sec
 * total energy  :    -5.0705442 Eh     change       -0.3631205E-05 Eh
   gradient norm :     0.0002792 Eh/α   predicted    -0.3206254E-05 ( -11.70%)
   displ. norm   :     0.0019145 α      lambda       -0.3548326E-06
   maximum displ.:     0.0018560 α      in ANC's #1, #2, #3, ...

   *** GEOMETRY OPTIMIZATION CONVERGED AFTER 4 ITERATIONS ***

------------------------------------------------------------------------
 total energy gain   :        -0.0008440 Eh       -0.5296 kcal/mol
 total RMSD          :         0.0450123 a0        0.0238 Å
 total power (kW/mol):        -0.5539996 (step)  -56.0191 (real)
------------------------------------------------------------------------

 ANCopt (total)                0 d,  0 h,  0 min,  0.040 sec
 optimizer setup                ...        0 min,  0.000 sec (  0.738%)
 model hessian                  ...        0 min,  0.000 sec (  0.338%)
 ANC generation                 ...        0 min,  0.000 sec (  0.359%)
 coordinate transformation      ...        0 min,  0.000 sec (  0.181%)
 single point calculation       ...        0 min,  0.034 sec ( 85.080%)
 optimization log               ...        0 min,  0.004 sec (  9.422%)
 hessian update                 ...        0 min,  0.001 sec (  1.941%)
 rational function              ...        0 min,  0.000 sec (  0.705%)

================
 final structure:
================
3
 xtb: 6.7.1 (edcfbbe)
O            0.00000000036421        0.01178596715850       -0.00000000000000
H            0.77274334793755        0.58010696627366        0.00000000000000
H           -0.77274334830176        0.58010696656784        0.00000000000000
 
 Bond Distances (Angstroems)
 ---------------------------
O1-H2=0.9592         O1-H3=0.9592         H2-O1=0.9592         H3-O1=0.9592         
 O  H  Rav=0.9592 sigma=0.0000  Rmin=0.9592  Rmax=0.9592     2
 
 selected bond angles (degree)
 --------------------
H3-O1-H2=107.33                
 
 selected dihedral angles (degree)
 ---------------------------------

           -------------------------------------------------
          |                Final Singlepoint                |
           -------------------------------------------------

          ...................................................
          :                      SETUP                      :
          :.................................................:
          :  # basis functions                   6          :
          :  # atomic orbitals                   6          :
          :  # shells                            4          :
          :  # electrons                         8          :
          :  max. iterations                   250          :
          :  Hamiltonian                  GFN2-xTB          :
          :  restarted?                      false          :
          :  GBSA solvation                  false          :
          :  PC potential                    false          :
          :  electronic temp.          300.0000000     K    :
          :  accuracy                    1.0000000          :
          :  -> integral cutoff          0.2500000E+02      :
          :  -> integral neglect         0.1000000E-07      :
          :  -> SCF convergence          0.1000000E-05 Eh   :
          :  -> wf. convergence          0.1000000E-03 e    :
          :  Broyden damping             0.4000000          :
          :  net charge                          0          :
          :  unpaired electrons                  0          :
          ...................................................

 iter      E             dE          RMSdq      gap      omega  full diag
   1     -5.1049037 -0.510490E+01  0.425E-06   14.38       0.0  T
   2     -5.1049037 -0.888178E-15  0.265E-06   14.38   21772.0  T
   3     -5.1049037  0.000000E+00  0.229E-07   14.38  100000.0  T

   *** convergence criteria satisfied after 3 iterations ***

         #    Occupation            Energy/Eh            Energy/eV
      -------------------------------------------------------------
         1        2.0000           -0.6800257             -18.5044
         2        2.0000           -0.5683781             -15.4664
         3        2.0000           -0.5107159             -13.8973
         4        2.0000           -0.4463410             -12.1456 (HOMO)
         5                          0.0821782               2.2362 (LUMO)
         6                          0.2518178               6.8523
      -------------------------------------------------------------
                  HL-Gap            0.5285192 Eh           14.3817 eV
             Fermi-level           -0.1820814 Eh           -4.9547 eV

 SCC (total)                   0 d,  0 h,  0 min,  0.013 sec
 SCC setup                      ...        0 min,  0.000 sec (  1.695%)
 Dispersion                     ...        0 min,  0.006 sec ( 46.934%)
 classical contributions        ...        0 min,  0.000 sec (  2.351%)
 integral evaluation            ...        0 min,  0.001 sec (  4.754%)
 iterations                     ...        0 min,  0.003 sec ( 20.555%)
 molecular gradient             ...        0 min,  0.003 sec ( 22.550%)
 printout                       ...        0 min,  0.000 sec (  0.488%)

         :::::::::::::::::::::::::::::::::::::::::::::::::::::
         ::                     SUMMARY                     ::
         :::::::::::::::::::::::::::::::::::::::::::::::::::::
         :: total energy              -5.070544191340 Eh    ::
         :: gradient norm              0.000279153171 Eh/a0 ::
         :: HOMO-LUMO gap             14.381739841048 eV    ::
         ::.................................................::
         :: SCC energy                -5.104903672758 Eh    ::
         :: -> isotropic ES            0.031462919601 Eh    ::
         :: -> anisotropic ES          0.000387680156 Eh    ::
         :: -> anisotropic XC         -0.000883831556 Eh    ::
         :: -> dispersion             -0.000141077334 Eh    ::
         :: repulsion energy           0.034359481419 Eh    ::
         :: add. restraining           0.000000000000 Eh    ::
         :: total charge              -0.000000000000 e     ::
         :::::::::::::::::::::::::::::::::::::::::::::::::::::

           ------------------------------------------------- 
          |                Numerical Hessian                |
           ------------------------------------------------- 
step length          :   0.00500
SCC accuracy         :   0.30000
Hessian scale factor :   1.00000
frozen atoms in %    :   0.00000    0
RMS gradient         :   0.00028
estimated CPU  time      0.00 min
estimated wall time      0.00 min

writing file <hessian>.

 projected vibrational frequencies (cm⁻¹)
eigval :       -0.00    -0.00    -0.00    -0.00     0.00     0.00
eigval :     1538.61  3642.19  3650.89
           -------------------------------------------------
          |                Property Printout                |
           -------------------------------------------------

    * Orbital Energies and Occupations

         #    Occupation            Energy/Eh            Energy/eV
      -------------------------------------------------------------
         1        2.0000           -0.6800257             -18.5044
         2        2.0000           -0.5683781             -15.4664
         3        2.0000           -0.5107159             -13.8973
         4        2.0000           -0.4463410             -12.1456 (HOMO)
         5                          0.0821782               2.2362 (LUMO)
         6                          0.2518178               6.8523
      -------------------------------------------------------------
                  HL-Gap            0.5285192 Eh           14.3817 eV
             Fermi-level           -0.1820814 Eh           -4.9547 eV

     #   Z          covCN         q      C6AA      α(0)
     1   8 O        1.611    -0.565    24.359     6.661
     2   1 H        0.805     0.282     0.776     1.384
     3   1 H        0.805     0.282     0.776     1.384

 Mol. C6AA /au·bohr⁶  :         44.535686
 Mol. C8AA /au·bohr⁸  :        795.751926
 Mol. α(0) /au        :          9.429137


Wiberg/Mayer (AO) data.
largest (>0.10) Wiberg bond orders for each atom

 ---------------------------------------------------------------------------
     #   Z sym  total        # sym  WBO       # sym  WBO       # sym  WBO
 ---------------------------------------------------------------------------
     1   8 O    1.840 --     2 H    0.920     3 H    0.920
     2   1 H    0.920 --     1 O    0.920
     3   1 H    0.920 --     1 O    0.920
 ---------------------------------------------------------------------------

Topologies differ in total number of bonds
Writing topology from bond orders to xtbtopo.mol

molecular dipole:
                 x           y           z       tot (Debye)
 q only:        0.000       0.607      -0.000
   full:        0.000       0.871      -0.000       2.215
molecular quadrupole (traceless):
                xx          xy          yy          xz          yz          zz
 q only:        0.865      -0.000       0.076      -0.000      -0.000      -0.941
  q+dip:        1.107      -0.000       0.109      -0.000      -0.000      -1.217
   full:        1.311      -0.000       0.165      -0.000      -0.000      -1.475

           -------------------------------------------------
          |                Geometry Summary                 |
           -------------------------------------------------

      molecular mass/u    :       18.0152864
   center of mass at/Å    :        0.0000004       0.0753802      -0.0000001
  moments of inertia/u·Å² :        0.5782493E+00   0.1203748E+01   0.1781997E+01
rotational constants/cm⁻¹ :        0.2915288E+02   0.1400429E+02   0.9459964E+01

 * 2 selected distances

     #   Z          #   Z                                           value/Å
     1   8 O        2   1 H                                       0.9592295 (min)
     1   8 O        3   1 H                                       0.9592295 (max)

 * 1 distinct bonds (by element types)

   Z      Z             #   av. dist./Å        max./Å        min./Å
   1 H    8 O           2     0.9592295     0.9592295     0.9592295

           -------------------------------------------------
          |               Frequency Printout                |
           -------------------------------------------------
 projected vibrational frequencies (cm⁻¹)
eigval :       -0.00    -0.00    -0.00    -0.00     0.00     0.00
eigval :     1538.61  3642.19  3650.89
 reduced masses (amu)
   1:  1.40   2: 14.09   3:  1.10   4: 15.91   5: 14.03   6:  1.68   7:  2.15   8:  1.55
   9:  2.14
 IR intensities (km·mol⁻¹)
   1:102.80   2: 17.79   3:170.87   4: 28.44   5:  3.01   6:151.92   7:133.30   8:  6.79
   9: 16.72
 Raman intensities (Ä⁴*amu⁻¹)
   1:  0.00   2:  0.00   3:  0.00   4:  0.00   5:  0.00   6:  0.00   7:  0.00   8:  0.00
   9:  0.00
 output can be read by thermo (or use thermo option).
 writing <g98.out> molden fake output.
 recommended (thermochemical) frequency scaling factor: 1.0
           -------------------------------------------------
          |             Thermodynamic Functions             |
           -------------------------------------------------

Molecule has the following symmetry elements: (C2) 2*(sigma) 
It seems to be the C2v point group
c2v symmetry found (for desy threshold:  0.10E+00) used in thermo

          ...................................................
          :                      SETUP                      :
          :.................................................:
          :  # frequencies                           3      :
          :  # imaginary freq.                       0      :
          :  linear?                             false      :
          :  only rotor calc.                    false      :
          :  symmetry                              c2v      :
          :  rotational number                       2      :
          :  scaling factor                  1.0000000      :
          :  rotor cutoff                   50.0000000 cm⁻¹ :
          :  imag. cutoff                  -20.0000000 cm⁻¹ :
          :.................................................:

    mode    ω/cm⁻¹     T·S(HO)/kcal·mol⁻¹    T·S(FR)/kcal·mol⁻¹   T·S(vib)
   ------------------------------------------------------------------------
   ------------------------------------------------------------------------

   temp. (K)  partition function   enthalpy   heat capacity  entropy
                                   cal/mol     cal/K/mol   cal/K/mol   J/K/mol
 298.15  VIB   1.00                    2.625      0.065      0.010
         ROT   42.5                  888.752      2.981     10.434
         INT   42.6                  891.377      3.046     10.444
         TR   0.740E+26             1481.254      4.968     34.593
         TOT                        2372.6313     8.0145    45.0373   188.4362

       T/K    H(0)-H(T)+PV         H(T)/Eh          T*S/Eh         G(T)/Eh
   ------------------------------------------------------------------------
    298.15    0.378103E-02    0.239011E-01    0.213987E-01    0.250244E-02
   ------------------------------------------------------------------------

         :::::::::::::::::::::::::::::::::::::::::::::::::::::
         ::                  THERMODYNAMIC                  ::
         :::::::::::::::::::::::::::::::::::::::::::::::::::::
         :: total free energy          -5.068041753454 Eh   ::
         ::.................................................::
         :: total energy               -5.070544191340 Eh   ::
         :: zero point energy           0.020120103379 Eh   ::
         :: G(RRHO) w/o ZPVE           -0.017617665492 Eh   ::
         :: G(RRHO) contrib.            0.002502437886 Eh   ::
         :::::::::::::::::::::::::::::::::::::::::::::::::::::

optimized geometry written to: xtbopt.xyz


           -------------------------------------------------
          | TOTAL ENERGY               -5.070544191340 Eh   |
          | TOTAL ENTHALPY             -5.046643059293 Eh   |
          | TOTAL FREE ENERGY          -5.068041753454 Eh   |
          | GRADIENT NORM               0.000279153120 Eh/α |
          | HOMO-LUMO GAP              14.381739856713 eV   |
           -------------------------------------------------

------------------------------------------------------------------------
 * finished run on 2024/09/30 at 20:14:02.766     
------------------------------------------------------------------------
 total:
 * wall-time:     0 d,  0 h,  0 min,  0.252 sec
 *  cpu-time:     0 d,  0 h,  0 min,  6.503 sec
 * ratio c/w:    25.798 speedup
 SCF:
 * wall-time:     0 d,  0 h,  0 min,  0.061 sec
 *  cpu-time:     0 d,  0 h,  0 min,  1.558 sec
 * ratio c/w:    25.671 speedup
 ANC optimizer:
 * wall-time:     0 d,  0 h,  0 min,  0.072 sec
 *  cpu-time:     0 d,  0 h,  0 min,  1.973 sec
 * ratio c/w:    27.555 speedup
 analytical hessian:
 * wall-time:     0 d,  0 h,  0 min,  0.024 sec
 *  cpu-time:     0 d,  0 h,  0 min,  0.655 sec
 * ratio c/w:    27.538 speedup

